Microchip Technology Inc, v1.35 (A)

Tool Name:
  /opt/microchip/xc16/v1.35/bin/bin/../bin/elf-ld

Command:
  -p33EP64MC206 \
  -o \
  dist/default/production/LEIMCnt.X.production.elf \
  -L/opt/microchip/xc16/v1.35/bin/bin/.. \
  -L/opt/microchip/xc16/v1.35/bin/bin/../../lib \
  -L/opt/microchip/xc16/v1.35/bin/bin/../../support/PIC24E/gld \
  -L/opt/microchip/xc16/v1.35/bin/bin/../../support/PIC24F/gld \
  -L/opt/microchip/xc16/v1.35/bin/bin/../../support/PIC24H/gld \
  -L/opt/microchip/xc16/v1.35/bin/bin/../../support/dsPIC30F/gld \
  -L/opt/microchip/xc16/v1.35/bin/bin/../../support/dsPIC33C/gld \
  -L/opt/microchip/xc16/v1.35/bin/bin/../../support/dsPIC33E/gld \
  -L/opt/microchip/xc16/v1.35/bin/bin/../../support/dsPIC33F/gld \
  build/default/production/_ext/316523387/ActivityMain.o \
  build/default/production/_ext/296478968/step_motor.o \
  build/default/production/_ext/296478968/brushed_motor.o \
  build/default/production/_ext/296478968/pidFilter.o \
  build/default/production/_ext/296478968/buttonsModel.o \
  build/default/production/_ext/2107534167/adc.o \
  build/default/production/_ext/2107534167/spi.o \
  build/default/production/_ext/2107534167/i2ccom.o \
  build/default/production/_ext/1693421727/main.o \
  build/default/production/_ext/1693421727/DisplayController.o \
  build/default/production/_ext/570691859/resourceMan.o \
  build/default/production/_ext/570691859/ActivityMan.o \
  build/default/production/_ext/1714851182/asn1write.o \
  build/default/production/_ext/1714851182/bignum.o \
  build/default/production/_ext/1714851182/oid.o \
  build/default/production/_ext/1714851182/aes.o \
  build/default/production/_ext/1714851182/md_wrap.o \
  build/default/production/_ext/1714851182/sha1.o \
  build/default/production/_ext/1714851182/md.o \
  build/default/production/_ext/1714851182/rsa.o \
  build/default/production/_ext/1714851182/asn1parse.o \
  build/default/production/_ext/699447939/tasker.o \
  build/default/production/_ext/581574207/port.o \
  build/default/production/_ext/844173455/time.o \
  build/default/production/_ext/844173455/utils.o \
  build/default/production/_ext/844173455/d_alloc.o \
  build/default/production/_ext/844173455/version.o \
  build/default/production/_ext/2113294451/GraphicsPMP.o \
  build/default/production/_ext/2113294451/GraphicsController.o \
  build/default/production/_ext/229065323/fan.o \
  build/default/production/_ext/1440923950/SerialFlash.o \
  build/default/production/_ext/1440923950/eeprom_i2c.o \
  build/default/production/_ext/1055087429/port.o \
  build/default/production/_ext/1733941594/TouchScreen.o \
  build/default/production/_ext/1733941594/touchCalib.o \
  build/default/production/_ext/1733941594/sys_activityTouchCalib.o \
  build/default/production/_ext/1733941594/port.o \
  build/default/production/_ext/1670384666/UartCommand.o \
  build/default/production/_ext/1670384666/port.o \
  build/default/production/_ext/327596014/font_resource.o \
  build/default/production/_ext/1977464509/PictureManager.o \
  build/default/production/_ext/1977464509/Buzzer.o \
  build/default/production/_ext/1977464509/nestedDialogs.o \
  build/default/production/_ext/1977464509/PictureServiceManager.o \
  build/default/production/_ext/1977464509/ViewCommons.o \
  build/default/production/_ext/1977464509/bt_lib_2.o \
  build/default/production/_ext/1977464509/port.o \
  build/default/production/_ext/654086336/crc16.o \
  build/default/production/_ext/654086336/base64.o \
  --local-stack \
  --defsym=__MPLAB_BUILD=1 \
  -Tp33EP64MC206.gld.00 \
  --stack=16 \
  --check-sections \
  --data-init \
  --pack-data \
  --handles \
  --isr \
  --no-gc-sections \
  --fill-upper=0 \
  --stackguard=16 \
  --no-force-link \
  --smart-io \
  -Map=dist/default/production/LEIMCnt.X.production.map \
  --report-mem \
  --memorysummary \
  dist/default/production/memoryfile.xml \
  -start-group \
  --library=lega-pic30-elf \
  --library=m-elf \
  --library=lega-c-elf \
  -end-group \


Optional library libp33EP64MC206.a not found
Archive member included because of file (symbol)

/opt/microchip/xc16/v1.35/bin/bin/../../lib/liblega-pic30-elf.a(crt0_extendedep.o)
                              (__resetPRI)
/opt/microchip/xc16/v1.35/bin/bin/../../lib/liblega-pic30-elf.a(data_init_extended.o)
                              /opt/microchip/xc16/v1.35/bin/bin/../../lib/liblega-pic30-elf.a(crt0_extendedep.o) (__data_init_extended)
/opt/microchip/xc16/v1.35/bin/bin/../../lib/liblega-pic30-elf.a(crt_start_mode_normalep.Leo)
                              (__crt_start_mode_normal)
/opt/microchip/xc16/v1.35/bin/bin/../../lib/liblega-pic30-elf.a(delay32ep.Leo)
                              build/default/production/_ext/316523387/ActivityMain.o (___delay32)
/opt/microchip/xc16/v1.35/bin/bin/../../lib/libm-elf.a(addsf3.epeo)
                              build/default/production/_ext/296478968/pidFilter.o (___subsf3)
/opt/microchip/xc16/v1.35/bin/bin/../../lib/libm-elf.a(divsf3.epeo)
[...]
Memory Configuration

Name             Origin             Length             Attributes
data             0x001000           0x002000           a !xr
reset            0x000000           0x000004  
ivt              0x000004           0x0001fc  
program          0x000200           0x00adec           xr
FICD             0x00aff0           0x000002  
FPOR             0x00aff2           0x000002  
FWDT             0x00aff4           0x000002  
FOSC             0x00aff6           0x000002  
FOSCSEL          0x00aff8           0x000002  
FGS              0x00affa           0x000002  
FUID0            0x800ff8           0x000002  
FUID1            0x800ffa           0x000002  
FUID2            0x800ffc           0x000002  
FUID3            0x800ffe           0x000002  
*default*        0x000000           0xffffffff  

Linker script and memory map

LOAD build/default/production/_ext/316523387/ActivityMain.o
LOAD build/default/production/_ext/296478968/step_motor.o
LOAD build/default/production/_ext/296478968/brushed_motor.o
LOAD build/default/production/_ext/296478968/pidFilter.o
LOAD build/default/production/_ext/296478968/buttonsModel.o
LOAD build/default/production/_ext/2107534167/adc.o
LOAD build/default/production/_ext/2107534167/spi.o
LOAD build/default/production/_ext/2107534167/i2ccom.o
LOAD build/default/production/_ext/1693421727/main.o
LOAD build/default/production/_ext/1693421727/DisplayController.o
LOAD build/default/production/_ext/570691859/resourceMan.o
LOAD build/default/production/_ext/570691859/ActivityMan.o
LOAD build/default/production/_ext/1714851182/asn1write.o
LOAD build/default/production/_ext/1714851182/bignum.o
LOAD build/default/production/_ext/1714851182/oid.o
LOAD build/default/production/_ext/1714851182/aes.o
LOAD build/default/production/_ext/1714851182/md_wrap.o
LOAD build/default/production/_ext/1714851182/sha1.o
LOAD build/default/production/_ext/1714851182/md.o
LOAD build/default/production/_ext/1714851182/rsa.o
LOAD build/default/production/_ext/1714851182/asn1parse.o
LOAD build/default/production/_ext/699447939/tasker.o
LOAD build/default/production/_ext/581574207/port.o
LOAD build/default/production/_ext/844173455/time.o
LOAD build/default/production/_ext/844173455/utils.o
LOAD build/default/production/_ext/844173455/d_alloc.o
LOAD build/default/production/_ext/844173455/version.o
LOAD build/default/production/_ext/2113294451/GraphicsPMP.o
LOAD build/default/production/_ext/2113294451/GraphicsController.o
LOAD build/default/production/_ext/229065323/fan.o
LOAD build/default/production/_ext/1440923950/SerialFlash.o
LOAD build/default/production/_ext/1440923950/eeprom_i2c.o
LOAD build/default/production/_ext/1055087429/port.o
LOAD build/default/production/_ext/1733941594/TouchScreen.o
LOAD build/default/production/_ext/1733941594/touchCalib.o
LOAD build/default/production/_ext/1733941594/sys_activityTouchCalib.o
LOAD build/default/production/_ext/1733941594/port.o
LOAD build/default/production/_ext/1670384666/UartCommand.o
LOAD build/default/production/_ext/1670384666/port.o
LOAD build/default/production/_ext/327596014/font_resource.o
LOAD build/default/production/_ext/1977464509/PictureManager.o
LOAD build/default/production/_ext/1977464509/Buzzer.o
LOAD build/default/production/_ext/1977464509/nestedDialogs.o
LOAD build/default/production/_ext/1977464509/PictureServiceManager.o
LOAD build/default/production/_ext/1977464509/ViewCommons.o
LOAD build/default/production/_ext/1977464509/bt_lib_2.o
LOAD build/default/production/_ext/1977464509/port.o
LOAD build/default/production/_ext/654086336/crc16.o
LOAD build/default/production/_ext/654086336/base64.o
                    0x0001                  __MPLAB_BUILD = 0x1
LOAD p33EP64MC206
LOAD /opt/microchip/xc16/v1.35/bin/bin/../../lib/libfx-elf.a
                    0xaff0                  __FICD = 0xaff0
                    0xaff2                  __FPOR = 0xaff2
                    0xaff4                  __FWDT = 0xaff4
                    0xaff6                  __FOSC = 0xaff6
                    0xaff8                  __FOSCSEL = 0xaff8
                    0xaffa                  __FGS = 0xaffa
                    0x800ff8                  __FUID0 = 0x800ff8
                    0x800ffa                  __FUID1 = 0x800ffa
                    0x800ffc                  __FUID2 = 0x800ffc
                    0x800ffe                  __FUID3 = 0x800ffe
                    0x0001                  __NO_HANDLES = 0x1
                    0x0200                  __CODE_BASE = 0x200
                    0xadec                  __CODE_LENGTH = 0xadec
                    0x0004                  __IVT_BASE = 0x4
                    0x1000                  __DATA_BASE = 0x1000
                    0x2000                  __DATA_LENGTH = 0x2000
                    0x2000                  __YDATA_BASE = 0x2000

.reset            0x000000          0x4
                  0x000000          0x2 SHORT 0x200 ABSOLUTE (__reset)
                  0x000001          0x2 SHORT 0x4
                  0x000002          0x2 SHORT 0x0 ((ABSOLUTE (__reset) >> 0x10) & 0x7f)
                  0x000003          0x2 SHORT 0x0

.text             0x000200       0x27c0
 *(.init)
 .init            0x000200         0x48 /opt/microchip/xc16/v1.35/bin/bin/../../lib/liblega-pic30-elf.a(crt0_extendedep.o)
                  0x000200                  __reset
                  0x000200                  __resetPRI
                  0x00023c                  __psv_init
 .init            0x000248         0xb2 /opt/microchip/xc16/v1.35/bin/bin/../../lib/liblega-pic30-elf.a(data_init_extended.o)
                  0x000248                  __data_init_extended
                  0x000248                  __data_init
 *(.user_init)
 *(.handle)
 *(.isr*)
 .isr.text        0x00039a         0x48 build/default/production/_ext/296478968/brushed_motor.o
                  0x00039a                  __T3Interrupt
                  0x0003a6                  __PWM1Interrupt
                  0x0003c4                  __PWM2Interrupt
 .isr.text        0x0003e2         0x42 build/default/production/_ext/2107534167/adc.o
                  0x0003e2                  __AD1Interrupt
 .isr.text        0x000424          0xc build/default/production/_ext/2107534167/spi.o
                  0x000424                  __SPI1Interrupt
 .isr.text        0x000430         0x18 build/default/production/_ext/2107534167/i2ccom.o
                  0x000430                  __MI2C2Interrupt
                  0x000440                  __SI2C2Interrupt
 .isr.text        0x000448        0x208 build/default/production/_ext/581574207/port.o
                  0x000448                  __T1Interrupt
                  0x0005f0                  __OscillatorFail
                  0x000608                  __AddressError
                  0x000620                  __StackError
                  0x000638                  __MathError
 .isr.text        0x000650         0x66 build/default/production/_ext/1670384666/port.o
                  0x000650                  __U2TXInterrupt
                  0x00065a                  __U2RXInterrupt
 .isr             0x0006b6          0x4 default_isr
                  0x0006b6                  __DefaultInterrupt
 *(.libc)
 *(.libm)
 *(.libdsp)
 *(.lib*)
 .libpic30_crt_start_mode
                  0x0006ba          0x2 /opt/microchip/xc16/v1.35/bin/bin/../../lib/liblega-pic30-elf.a(crt_start_mode_normalep.Leo)
                  0x0006ba                  __crt_start_mode_normal
                  0x0006ba                  __crt_start_mode
 .libm.subsf3     0x0006bc         0xbc /opt/microchip/xc16/v1.35/bin/bin/../../lib/libm-elf.a(addsf3.epeo)
                  0x0006bc                  ___subsf3
                  0x0006be                  ___addsf3
 .libm.divfs3     0x000778         0x84 /opt/microchip/xc16/v1.35/bin/bin/../../lib/libm-elf.a(divsf3.epeo)
                  0x000778                  ___divsf3
 .libm.divsi3     0x0007fc         0x1e /opt/microchip/xc16/v1.35/bin/bin/../../lib/libm-elf.a(divsi3.epeo)
                  0x0007fc                  ___divsi3
 .libm.gtsf2      0x00081a          0x4 /opt/microchip/xc16/v1.35/bin/bin/../../lib/libm-elf.a(fgtge.epeo)
                  0x00081a                  ___gtsf2
                  0x00081a                  ___gesf2
 .libm.fixunssfdi
                  0x00081e         0x42 /opt/microchip/xc16/v1.35/bin/bin/../../lib/libm-elf.a(fixunssfdi.epeo)
                  0x00081e                  ___fixunssfdi
 .libm.fixunssfsi
                  0x000860         0x36 /opt/microchip/xc16/v1.35/bin/bin/../../lib/libm-elf.a(fixunssfsi.epeo)
                  0x000860                  ___fixunssfsi
 .libm.floatundisf
                  0x000896         0x5e /opt/microchip/xc16/v1.35/bin/bin/../../lib/libm-elf.a(floatundisf.epeo)
                  0x000896                  ___floatundisf
 .libm.floatunsisf
                  0x0008f4          0x4 /opt/microchip/xc16/v1.35/bin/bin/../../lib/libm-elf.a(floatunsisf.epeo)
                  0x0008f4                  ___floatunsisf
 .libm.fpack      0x0008f8         0x4c /opt/microchip/xc16/v1.35/bin/bin/../../lib/libm-elf.a(fpack.epeo)
                  0x0008f8                  __fpack
 .libm.funpack    0x000944         0x2a /opt/microchip/xc16/v1.35/bin/bin/../../lib/libm-elf.a(funpack.epeo)
                  0x000944                  __funpack
 .libm.funpack2
                  0x00096e         0x10 /opt/microchip/xc16/v1.35/bin/bin/../../lib/libm-elf.a(funpack2.epeo)
                  0x00096e                  __funpack2
 .libm.fPropagateNaN
                  0x00097e         0x12 /opt/microchip/xc16/v1.35/bin/bin/../../lib/libm-elf.a(futil.epeo)
                  0x00097e                  __fPropagateNaN
 .libm.fbobExit
                  0x000990          0x8 /opt/microchip/xc16/v1.35/bin/bin/../../lib/libm-elf.a(futil.epeo)
                  0x000990                  __fbopExit
 .libm.fbopReturnNaN
                  0x000998          0x6 /opt/microchip/xc16/v1.35/bin/bin/../../lib/libm-elf.a(futil.epeo)
                  0x000998                  __fbopReturnNaN
 .libm.mulsf3     0x00099e         0x68 /opt/microchip/xc16/v1.35/bin/bin/../../lib/libm-elf.a(mulsf3.epeo)
                  0x00099e                  ___mulsf3
 .libm.udivsi3    0x000a06         0x20 /opt/microchip/xc16/v1.35/bin/bin/../../lib/libm-elf.a(udivsi3.epeo)
                  0x000a06                  ___udivsi3
 .libm.umodsi3    0x000a26          0x6 /opt/microchip/xc16/v1.35/bin/bin/../../lib/libm-elf.a(umodsi3.epeo)
                  0x000a26                  ___umodsi3
 .libm.__PplusBdi
                  0x000a2c         0x26 /opt/microchip/xc16/v1.35/bin/bin/../../lib/libm-elf.a(divmoddi3.epeo)
 .libm.__PminusBdi
                  0x000a52         0x2a /opt/microchip/xc16/v1.35/bin/bin/../../lib/libm-elf.a(divmoddi3.epeo)
 .libm.__udivmoddi3
                  0x000a7c         0xe6 /opt/microchip/xc16/v1.35/bin/bin/../../lib/libm-elf.a(divmoddi3.epeo)
                  0x000a7c                  ___udivmoddi3
 .libm.__udivdi3
                  0x000b62          0xe /opt/microchip/xc16/v1.35/bin/bin/../../lib/libm-elf.a(divmoddi3.epeo)
                  0x000b62                  ___udivdi3
 .libm.__umoddi3
                  0x000b70          0x8 /opt/microchip/xc16/v1.35/bin/bin/../../lib/libm-elf.a(divmoddi3.epeo)
                  0x000b70                  ___umoddi3
 .libm.__divdi3
                  0x000b78         0x60 /opt/microchip/xc16/v1.35/bin/bin/../../lib/libm-elf.a(divmoddi3.epeo)
                  0x000b78                  ___divdi3
 .libm.__moddi3
                  0x000bd8         0x5c /opt/microchip/xc16/v1.35/bin/bin/../../lib/libm-elf.a(divmoddi3.epeo)
                  0x000bd8                  ___moddi3
 .libm.__muldi3
                  0x000c34         0x52 /opt/microchip/xc16/v1.35/bin/bin/../../lib/libm-elf.a(muldi3.epeo)
                  0x000c34                  ___muldi3
 .libm.fcompare
                  0x000c86         0x36 /opt/microchip/xc16/v1.35/bin/bin/../../lib/libm-elf.a(fcompare.epeo)
                  0x000c86                  __fcompare
 .libm.umuldi3    0x000cbc         0x44 /opt/microchip/xc16/v1.35/bin/bin/../../lib/libm-elf.a(umuldi3.epeo)
                  0x000cbc                  ___umuldi3
 .libc.memset     0x000d00          0xe /opt/microchip/xc16/v1.35/bin/bin/../../lib/liblega-c-elf.a(memset.EP_eo)
                  0x000d00                  _memset
 .libc.strcmp     0x000d0e         0x20 /opt/microchip/xc16/v1.35/bin/bin/../../lib/liblega-c-elf.a(strcmp.EP_eo)
                  0x000d0e                  _strcmp
 .libc.strcpy     0x000d2e          0xc /opt/microchip/xc16/v1.35/bin/bin/../../lib/liblega-c-elf.a(strcpy.EP_eo)
                  0x000d2e                  _strcpy
 .libc.strlen     0x000d3a          0xc /opt/microchip/xc16/v1.35/bin/bin/../../lib/liblega-c-elf.a(strlen.EP_eo)
                  0x000d3a                  _strlen
 .libc.strncpy    0x000d46         0x1e /opt/microchip/xc16/v1.35/bin/bin/../../lib/liblega-c-elf.a(strncpy.EP_eo)
                  0x000d46                  _strncpy
 .libc.strtok     0x000d64         0x34 /opt/microchip/xc16/v1.35/bin/bin/../../lib/liblega-c-elf.a(strtok.EP_eo)
                  0x000d64                  _strtok
 .libc._Stoul     0x000d98        0x134 /opt/microchip/xc16/v1.35/bin/bin/../../lib/liblega-c-elf.a(xstoul.EP_eo)
                  0x000d98                  __Stoul
 .libc.prout      0x000ecc          0xe /opt/microchip/xc16/v1.35/bin/bin/../../lib/liblega-c-elf.a(vsprintf.EP_eo)
                  0x000ecc                  vsprintf.EP_eo:_prout
 .libc.vsprintf
                  0x000eda         0x1a /opt/microchip/xc16/v1.35/bin/bin/../../lib/liblega-c-elf.a(vsprintf.EP_eo)
                  0x000eda                  _vsprintf
 .libc._Printf    0x000ef4        0x164 /opt/microchip/xc16/v1.35/bin/bin/../../lib/liblega-c-elf.a(xprintf.EP_eo)
                  0x000ef4                  __Printf
 .libc._Putfld    0x001058        0x308 /opt/microchip/xc16/v1.35/bin/bin/../../lib/liblega-c-elf.a(xputfld.EP_eo)
                  0x001058                  __Putfld
 .libc.isspace    0x001360         0x10 /opt/microchip/xc16/v1.35/bin/bin/../../lib/liblega-c-elf.a(isspace.EP_elso)
                  0x001360                  _isspace
 .libc.tolower    0x001370          0xe /opt/microchip/xc16/v1.35/bin/bin/../../lib/liblega-c-elf.a(tolower.EP_elso)
                  0x001370                  _tolower
 .libc._Geterrno
                  0x00137e          0xc /opt/microchip/xc16/v1.35/bin/bin/../../lib/liblega-c-elf.a(errno.EP_elo)
                  0x00137e                  __Geterrno
 .libc.strchr     0x00138a         0x1a /opt/microchip/xc16/v1.35/bin/bin/../../lib/liblega-c-elf.a(strchr.EP_elo)
                  0x00138a                  _strchr
 .libc._Vacopy    0x0013a4          0x4 /opt/microchip/xc16/v1.35/bin/bin/../../lib/liblega-c-elf.a(xvacopy.EP_elo)
                  0x0013a4                  __Vacopy
 .libc.prout      0x0013a8         0x22 /opt/microchip/xc16/v1.35/bin/bin/../../lib/liblega-c-elf.a(snprintf_cdnopuxX.EPeo)
                  0x0013a8                  snprintf_cdnopuxX.EPeo:_prout
 .libc._snprintf_cdnopuxX
                  0x0013ca         0x24 /opt/microchip/xc16/v1.35/bin/bin/../../lib/liblega-c-elf.a(snprintf_cdnopuxX.EPeo)
                  0x0013ca                  __snprintf_cdnopuxX
 .libc.__Printf_cdnopuxX
                  0x0013ee        0x164 /opt/microchip/xc16/v1.35/bin/bin/../../lib/liblega-c-elf.a(xprintf_cdnopuxX.EPeo)
                  0x0013ee                  ___Printf_cdnopuxX
 .libc.__Putfld_cdnopuxX
                  0x001552        0x244 /opt/microchip/xc16/v1.35/bin/bin/../../lib/liblega-c-elf.a(xputfld_cdnopuxX.EPeo)
                  0x001552                  ___Putfld_cdnopuxX
 .libc.memchr     0x001796         0x14 /opt/microchip/xc16/v1.35/bin/bin/../../lib/liblega-c-elf.a(memchr.EP_eo)
                  0x001796                  _memchr
 .libc.memcpy     0x0017aa          0xe /opt/microchip/xc16/v1.35/bin/bin/../../lib/liblega-c-elf.a(memcpy.EP_eo)
                  0x0017aa                  _memcpy
 .libc.strcspn    0x0017b8         0x22 /opt/microchip/xc16/v1.35/bin/bin/../../lib/liblega-c-elf.a(strcspn.EP_eo)
                  0x0017b8                  _strcspn
 .libc.strspn     0x0017da         0x20 /opt/microchip/xc16/v1.35/bin/bin/../../lib/liblega-c-elf.a(strspn.EP_eo)
                  0x0017da                  _strspn
 .libc._Ldtob     0x0017fa        0x402 /opt/microchip/xc16/v1.35/bin/bin/../../lib/liblega-c-elf.a(xldtob.EP_eo)
                  0x0017fa                  __Ldtob
 .libc._LDunscale
                  0x001bfc         0x54 /opt/microchip/xc16/v1.35/bin/bin/../../lib/liblega-c-elf.a(xldunsca.EP_eo)
                  0x001bfc                  __LDunscale
 .libc._Litob     0x001c50        0x27a /opt/microchip/xc16/v1.35/bin/bin/../../lib/liblega-c-elf.a(xlitob.EP_eo)
                  0x001c50                  __Litob
 .libc._Puttxt    0x001eca        0x178 /opt/microchip/xc16/v1.35/bin/bin/../../lib/liblega-c-elf.a(xputtxt.EP_eo)
                  0x001eca                  __Puttxt
 .libc.ldiv       0x002042         0x2a /opt/microchip/xc16/v1.35/bin/bin/../../lib/liblega-c-elf.a(ldiv.EP_elo)
                  0x002042                  _ldiv
 .libc._Dnorm     0x00206c         0x98 /opt/microchip/xc16/v1.35/bin/bin/../../lib/liblega-c-elf.a(xdnorm.EP_elo)
                  0x00206c                  __Dnorm
 .libc._LDscale
                  0x002104         0xf6 /opt/microchip/xc16/v1.35/bin/bin/../../lib/liblega-c-elf.a(xldscale.EP_elo)
                  0x002104                  __LDscale
 .libc._Genld     0x0021fa        0x270 /opt/microchip/xc16/v1.35/bin/bin/../../lib/liblega-c-elf.a(xgenld.EP_eo)
                  0x0021fa                  __Genld
 .libc.div        0x00246a         0x16 /opt/microchip/xc16/v1.35/bin/bin/../../lib/liblega-c-elf.a(div.EP_elo)
                  0x00246a                  _div
 .libm.eqdf2      0x002480          0xa /opt/microchip/xc16/v1.35/bin/bin/../../lib/libm-elf.a(deqltle.epeo)
                  0x002480                  ___ledf2
                  0x002480                  ___eqdf2
                  0x002480                  ___ltdf2
 .libm.gtdf2      0x00248a          0xa /opt/microchip/xc16/v1.35/bin/bin/../../lib/libm-elf.a(dgtge.epeo)
                  0x00248a                  ___gedf2
                  0x00248a                  ___gtdf2
 .libm.divdf3     0x002494         0xb4 /opt/microchip/xc16/v1.35/bin/bin/../../lib/libm-elf.a(divdf3.epeo)
                  0x002494                  ___divdf3
 .libm.dpack      0x002548         0x58 /opt/microchip/xc16/v1.35/bin/bin/../../lib/libm-elf.a(dpack.epeo)
                  0x002548                  __dpack
 .libm.dunpack2
                  0x0025a0         0x32 /opt/microchip/xc16/v1.35/bin/bin/../../lib/libm-elf.a(dunpack2.epeo)
                  0x0025a0                  __dunpack2
                  0x0025c2                  __dreturnNaN
                  0x0025c8                  __dunpack2exit
 .libm.extendsfdf2
                  0x0025d2         0x3e /opt/microchip/xc16/v1.35/bin/bin/../../lib/libm-elf.a(extendsfdf.epeo)
                  0x0025d2                  ___extendsfdf2
 .libm.fixdfsi    0x002610         0x58 /opt/microchip/xc16/v1.35/bin/bin/../../lib/libm-elf.a(fixdfsi.epeo)
                  0x002610                  _(float, int, long long, double, float, short, int)
 .libm.floatsidf
                  0x002668          0x6 /opt/microchip/xc16/v1.35/bin/bin/../../lib/libm-elf.a(floatsidf.epeo)
                  0x002668                  ___floatsidf
 *fill*           0x00266e          0x400
 .libm.muldf3     0x002670         0xec /opt/microchip/xc16/v1.35/bin/bin/../../lib/libm-elf.a(muldf3.epeo)
                  0x002670                  ___muldf3
 .libm.subdf3     0x00275c          0x4 /opt/microchip/xc16/v1.35/bin/bin/../../lib/libm-elf.a(subdf3.epeo)
                  0x00275c                  ___subdf3
 .libm.mulsi3     0x002760          0xc /opt/microchip/xc16/v1.35/bin/bin/../../lib/libm-elf.a(mulsi3.epeo)
                  0x002760                  ___mulp32eds3
                  0x002760                  ___mulp32peds3
                  0x002760                  ___mulsi3
 .libm.adddf3     0x00276c         0xfc /opt/microchip/xc16/v1.35/bin/bin/../../lib/libm-elf.a(adddf3.epeo)
                  0x00276c                  ___adddf3
 .libm.dcompare
                  0x002868         0x52 /opt/microchip/xc16/v1.35/bin/bin/../../lib/libm-elf.a(dcompare.epeo)
                  0x002868                  __dcompare
 .libm.dPropagateNaN
                  0x0028ba         0x1e /opt/microchip/xc16/v1.35/bin/bin/../../lib/libm-elf.a(dpropagateNaN.epeo)
                  0x0028ba                  __dPropagateNaN
 .libm.dtype      0x0028d8         0x24 /opt/microchip/xc16/v1.35/bin/bin/../../lib/libm-elf.a(dtype.epeo)
                  0x0028d8                  __dtype
 .libm.dunpack    0x0028fc         0x4e /opt/microchip/xc16/v1.35/bin/bin/../../lib/libm-elf.a(dunpack.epeo)
                  0x0028fc                  __dunpack
 .libm.floatdidf
                  0x00294a         0x20 /opt/microchip/xc16/v1.35/bin/bin/../../lib/libm-elf.a(floatdidf.epeo)
                  0x00294a                  ___floatdidf
 .libm.floatundidf
                  0x00296a         0x56 /opt/microchip/xc16/v1.35/bin/bin/../../lib/libm-elf.a(floatundidf.epeo)
                  0x00296a                  ___floatundidf

usercode
 *(usercode)

__FICD
 *(__FICD.sec*)

__FPOR
 *(__FPOR.sec*)

__FWDT
 *(__FWDT.sec*)

__FOSC
 *(__FOSC.sec*)

__FOSCSEL
 *(__FOSCSEL.sec*)

__FGS             0x00affa          0x2
 *(__FGS.sec*)
 __FGS.sec        0x00affa          0x2 /CW/_FGS0ãdã__FGS.sec
                  0x00affa                  __FGS.sec

__FUID0
 *(__FUID0.sec*)

__FUID1
 *(__FUID1.sec*)

__FUID2
 *(__FUID2.sec*)

__FUID3
 *(__FUID3.sec*)

.comment
 *(.comment)

.debug_info       0x000000      0x109c9
 *(.debug_info)
 .debug_info      0x000000        0xec7 build/default/production/_ext/316523387/ActivityMain.o
 .debug_info      0x000ec7        0xc57 build/default/production/_ext/296478968/step_motor.o
 .debug_info      0x001b1e       0x2154 build/default/production/_ext/296478968/brushed_motor.o
 .debug_info      0x003c72        0x6b0 build/default/production/_ext/296478968/pidFilter.o
 .debug_info      0x004322        0x705 build/default/production/_ext/296478968/buttonsModel.o
 .debug_info      0x004a27        0xfdd build/default/production/_ext/2107534167/adc.o
 .debug_info      0x005a04        0xbeb build/default/production/_ext/2107534167/spi.o
 .debug_info      0x0065ef        0xd73 build/default/production/_ext/2107534167/i2ccom.o
 .debug_info      0x007362        0xcd9 build/default/production/_ext/1693421727/main.o
 .debug_info      0x00803b        0x88d build/default/production/_ext/1693421727/DisplayController.o
 .debug_info      0x0088c8        0x221 build/default/production/_ext/570691859/resourceMan.o
 .debug_info      0x008ae9        0x828 build/default/production/_ext/570691859/ActivityMan.o
 .debug_info      0x009311       0x1453 build/default/production/_ext/699447939/tasker.o
 .debug_info      0x00a764       0x10c0 build/default/production/_ext/581574207/port.o
 .debug_info      0x00b824        0x277 build/default/production/_ext/844173455/time.o
 .debug_info      0x00ba9b        0x50f build/default/production/_ext/844173455/utils.o
 .debug_info      0x00bfaa        0x710 build/default/production/_ext/844173455/d_alloc.o
 .debug_info      0x00c6ba        0x1d0 build/default/production/_ext/844173455/version.o
 .debug_info      0x00c88a        0x4be build/default/production/_ext/229065323/fan.o
 .debug_info      0x00cd48        0xdd5 build/default/production/_ext/1440923950/SerialFlash.o
 .debug_info      0x00db1d        0xa28 build/default/production/_ext/1440923950/eeprom_i2c.o
 .debug_info      0x00e545        0x91d build/default/production/_ext/1055087429/port.o
 .debug_info      0x00ee62        0x809 build/default/production/_ext/1670384666/UartCommand.o
 .debug_info      0x00f66b        0xad4 build/default/production/_ext/1670384666/port.o
 .debug_info      0x01013f        0x485 build/default/production/_ext/1977464509/Buzzer.o
 .debug_info      0x0105c4        0x249 build/default/production/_ext/654086336/crc16.o
 .debug_info      0x01080d        0x1bc build/default/production/_ext/654086336/base64.o
 *(.gnu.linkonce.wi.*)

.debug_abbrev     0x000000       0x251f
 *(.debug_abbrev)
 .debug_abbrev    0x000000        0x235 build/default/production/_ext/316523387/ActivityMain.o
 .debug_abbrev    0x000235        0x12e build/default/production/_ext/296478968/step_motor.o
 .debug_abbrev    0x000363        0x1fe build/default/production/_ext/296478968/brushed_motor.o
 .debug_abbrev    0x000561         0xd8 build/default/production/_ext/296478968/pidFilter.o
 .debug_abbrev    0x000639        0x163 build/default/production/_ext/296478968/buttonsModel.o
 .debug_abbrev    0x00079c        0x160 build/default/production/_ext/2107534167/adc.o
 .debug_abbrev    0x0008fc        0x13a build/default/production/_ext/2107534167/spi.o
 .debug_abbrev    0x000a36        0x193 build/default/production/_ext/2107534167/i2ccom.o
 .debug_abbrev    0x000bc9        0x1f8 build/default/production/_ext/1693421727/main.o
 .debug_abbrev    0x000dc1        0x1bf build/default/production/_ext/1693421727/DisplayController.o
 .debug_abbrev    0x000f80         0xfa build/default/production/_ext/570691859/resourceMan.o
 .debug_abbrev    0x00107a        0x19f build/default/production/_ext/570691859/ActivityMan.o
 .debug_abbrev    0x001219          0x1 build/default/production/_ext/1714851182/asn1write.o
 .debug_abbrev    0x00121a          0x1 build/default/production/_ext/1714851182/bignum.o
 .debug_abbrev    0x00121b          0x1 build/default/production/_ext/1714851182/oid.o
 .debug_abbrev    0x00121c          0x1 build/default/production/_ext/1714851182/aes.o
 .debug_abbrev    0x00121d          0x1 build/default/production/_ext/1714851182/md_wrap.o
 .debug_abbrev    0x00121e          0x1 build/default/production/_ext/1714851182/sha1.o
 .debug_abbrev    0x00121f          0x1 build/default/production/_ext/1714851182/md.o
 .debug_abbrev    0x001220          0x1 build/default/production/_ext/1714851182/rsa.o
 .debug_abbrev    0x001221          0x1 build/default/production/_ext/1714851182/asn1parse.o
 .debug_abbrev    0x001222        0x2c9 build/default/production/_ext/699447939/tasker.o
 .debug_abbrev    0x0014eb        0x212 build/default/production/_ext/581574207/port.o
 .debug_abbrev    0x0016fd         0xbc build/default/production/_ext/844173455/time.o
 .debug_abbrev    0x0017b9        0x118 build/default/production/_ext/844173455/utils.o
 .debug_abbrev    0x0018d1        0x154 build/default/production/_ext/844173455/d_alloc.o
 .debug_abbrev    0x001a25         0x8d build/default/production/_ext/844173455/version.o
 .debug_abbrev    0x001ab2          0x1 build/default/production/_ext/2113294451/GraphicsPMP.o
 .debug_abbrev    0x001ab3          0x1 build/default/production/_ext/2113294451/GraphicsController.o
 .debug_abbrev    0x001ab4        0x10b build/default/production/_ext/229065323/fan.o
 .debug_abbrev    0x001bbf        0x201 build/default/production/_ext/1440923950/SerialFlash.o
 .debug_abbrev    0x001dc0        0x163 build/default/production/_ext/1440923950/eeprom_i2c.o
 .debug_abbrev    0x001f23        0x13e build/default/production/_ext/1055087429/port.o
 .debug_abbrev    0x002061          0x1 build/default/production/_ext/1733941594/TouchScreen.o
 .debug_abbrev    0x002062          0x1 build/default/production/_ext/1733941594/touchCalib.o
 .debug_abbrev    0x002063          0x1 build/default/production/_ext/1733941594/sys_activityTouchCalib.o
 .debug_abbrev    0x002064          0x1 build/default/production/_ext/1733941594/port.o
 .debug_abbrev    0x002065        0x1a0 build/default/production/_ext/1670384666/UartCommand.o
 .debug_abbrev    0x002205        0x116 build/default/production/_ext/1670384666/port.o
 .debug_abbrev    0x00231b          0x1 build/default/production/_ext/327596014/font_resource.o
 .debug_abbrev    0x00231c          0x1 build/default/production/_ext/1977464509/PictureManager.o
 .debug_abbrev    0x00231d         0xfd build/default/production/_ext/1977464509/Buzzer.o
 .debug_abbrev    0x00241a          0x1 build/default/production/_ext/1977464509/nestedDialogs.o
 .debug_abbrev    0x00241b          0x1 build/default/production/_ext/1977464509/PictureServiceManager.o
 .debug_abbrev    0x00241c          0x1 build/default/production/_ext/1977464509/ViewCommons.o
 .debug_abbrev    0x00241d          0x1 build/default/production/_ext/1977464509/bt_lib_2.o
 .debug_abbrev    0x00241e          0x1 build/default/production/_ext/1977464509/port.o
 .debug_abbrev    0x00241f         0xa3 build/default/production/_ext/654086336/crc16.o
 .debug_abbrev    0x0024c2         0x5d build/default/production/_ext/654086336/base64.o

.debug_line       0x000000       0x25cd
 *(.debug_line)
 .debug_line      0x000000        0x244 build/default/production/_ext/316523387/ActivityMain.o
 .debug_line      0x000244        0x143 build/default/production/_ext/296478968/step_motor.o
 .debug_line      0x000387        0x1f9 build/default/production/_ext/296478968/brushed_motor.o
 .debug_line      0x000580         0xc2 build/default/production/_ext/296478968/pidFilter.o
 .debug_line      0x000642        0x15a build/default/production/_ext/296478968/buttonsModel.o
 .debug_line      0x00079c        0x159 build/default/production/_ext/2107534167/adc.o
 .debug_line      0x0008f5        0x123 build/default/production/_ext/2107534167/spi.o
 .debug_line      0x000a18        0x1e0 build/default/production/_ext/2107534167/i2ccom.o
 .debug_line      0x000bf8        0x20f build/default/production/_ext/1693421727/main.o
 .debug_line      0x000e07        0x1ff build/default/production/_ext/1693421727/DisplayController.o
 .debug_line      0x001006         0x80 build/default/production/_ext/570691859/resourceMan.o
 .debug_line      0x001086        0x125 build/default/production/_ext/570691859/ActivityMan.o
 .debug_line      0x0011ab         0x1a build/default/production/_ext/1714851182/asn1write.o
 .debug_line      0x0011c5         0x1a build/default/production/_ext/1714851182/bignum.o
 .debug_line      0x0011df         0x1a build/default/production/_ext/1714851182/oid.o
 .debug_line      0x0011f9         0x1a build/default/production/_ext/1714851182/aes.o
 .debug_line      0x001213         0x1a build/default/production/_ext/1714851182/md_wrap.o
 .debug_line      0x00122d         0x1a build/default/production/_ext/1714851182/sha1.o
 .debug_line      0x001247         0x1a build/default/production/_ext/1714851182/md.o
 .debug_line      0x001261         0x1a build/default/production/_ext/1714851182/rsa.o
 .debug_line      0x00127b         0x1a build/default/production/_ext/1714851182/asn1parse.o
 .debug_line      0x001295        0x284 build/default/production/_ext/699447939/tasker.o
 .debug_line      0x001519        0x161 build/default/production/_ext/581574207/port.o
 .debug_line      0x00167a         0xa6 build/default/production/_ext/844173455/time.o
 .debug_line      0x001720        0x10d build/default/production/_ext/844173455/utils.o
 .debug_line      0x00182d        0x105 build/default/production/_ext/844173455/d_alloc.o
 .debug_line      0x001932         0x65 build/default/production/_ext/844173455/version.o
 .debug_line      0x001997         0x1a build/default/production/_ext/2113294451/GraphicsPMP.o
 .debug_line      0x0019b1         0x1a build/default/production/_ext/2113294451/GraphicsController.o
 .debug_line      0x0019cb        0x10e build/default/production/_ext/229065323/fan.o
 .debug_line      0x001ad9        0x213 build/default/production/_ext/1440923950/SerialFlash.o
 .debug_line      0x001cec        0x18a build/default/production/_ext/1440923950/eeprom_i2c.o
 .debug_line      0x001e76        0x118 build/default/production/_ext/1055087429/port.o
 .debug_line      0x001f8e         0x1a build/default/production/_ext/1733941594/TouchScreen.o
 .debug_line      0x001fa8         0x1a build/default/production/_ext/1733941594/touchCalib.o
 .debug_line      0x001fc2         0x1a build/default/production/_ext/1733941594/sys_activityTouchCalib.o
 .debug_line      0x001fdc         0x1a build/default/production/_ext/1733941594/port.o
 .debug_line      0x001ff6        0x161 build/default/production/_ext/1670384666/UartCommand.o
 .debug_line      0x002157        0x117 build/default/production/_ext/1670384666/port.o
 .debug_line      0x00226e         0x1a build/default/production/_ext/327596014/font_resource.o
 .debug_line      0x002288         0x1a build/default/production/_ext/1977464509/PictureManager.o
 .debug_line      0x0022a2        0x167 build/default/production/_ext/1977464509/Buzzer.o
 .debug_line      0x002409         0x1a build/default/production/_ext/1977464509/nestedDialogs.o
 .debug_line      0x002423         0x1a build/default/production/_ext/1977464509/PictureServiceManager.o
 .debug_line      0x00243d         0x1a build/default/production/_ext/1977464509/ViewCommons.o
 .debug_line      0x002457         0x1a build/default/production/_ext/1977464509/bt_lib_2.o
 .debug_line      0x002471         0x1a build/default/production/_ext/1977464509/port.o
 .debug_line      0x00248b         0xa0 build/default/production/_ext/654086336/crc16.o
 .debug_line      0x00252b         0xa2 build/default/production/_ext/654086336/base64.o

.debug_frame      0x000000       0x249a
 *(.debug_frame)
 .debug_frame     0x000000        0x2b4 build/default/production/_ext/316523387/ActivityMain.o
 .debug_frame     0x0002b4         0x68 build/default/production/_ext/296478968/step_motor.o
 .debug_frame     0x00031c        0x254 build/default/production/_ext/296478968/brushed_motor.o
 .debug_frame     0x000570        0x11e build/default/production/_ext/296478968/pidFilter.o
 .debug_frame     0x00068e         0xd8 build/default/production/_ext/296478968/buttonsModel.o
 .debug_frame     0x000766         0xe0 build/default/production/_ext/2107534167/adc.o
 .debug_frame     0x000846         0xa0 build/default/production/_ext/2107534167/spi.o
 .debug_frame     0x0008e6         0xfc build/default/production/_ext/2107534167/i2ccom.o
 .debug_frame     0x0009e2         0xd8 build/default/production/_ext/1693421727/main.o
 .debug_frame     0x000aba        0x1c4 build/default/production/_ext/1693421727/DisplayController.o
 .debug_frame     0x000c7e         0xa0 build/default/production/_ext/570691859/resourceMan.o
 .debug_frame     0x000d1e        0x1b8 build/default/production/_ext/570691859/ActivityMan.o
 .debug_frame     0x000ed6        0x5b0 build/default/production/_ext/699447939/tasker.o
 .debug_frame     0x001486        0x21a build/default/production/_ext/581574207/port.o
 .debug_frame     0x0016a0         0xbc build/default/production/_ext/844173455/time.o
 .debug_frame     0x00175c        0x12c build/default/production/_ext/844173455/utils.o
 .debug_frame     0x001888        0x154 build/default/production/_ext/844173455/d_alloc.o
 .debug_frame     0x0019dc         0x4c build/default/production/_ext/844173455/version.o
 .debug_frame     0x001a28         0xc2 build/default/production/_ext/229065323/fan.o
 .debug_frame     0x001aea        0x2f2 build/default/production/_ext/1440923950/SerialFlash.o
 .debug_frame     0x001ddc        0x1a8 build/default/production/_ext/1440923950/eeprom_i2c.o
 .debug_frame     0x001f84        0x180 build/default/production/_ext/1055087429/port.o
 .debug_frame     0x002104        0x194 build/default/production/_ext/1670384666/UartCommand.o
 .debug_frame     0x002298         0xa8 build/default/production/_ext/1670384666/port.o
 .debug_frame     0x002340         0xa0 build/default/production/_ext/1977464509/Buzzer.o
 .debug_frame     0x0023e0         0x68 build/default/production/_ext/654086336/crc16.o
 .debug_frame     0x002448         0x52 build/default/production/_ext/654086336/base64.o

.debug_str        0x000000        0x72f
 *(.debug_str)
 .debug_str       0x000000         0xa1 build/default/production/_ext/316523387/ActivityMain.o
 .debug_str       0x0000a1         0x3e build/default/production/_ext/296478968/step_motor.o
 .debug_str       0x0000df         0xb2 build/default/production/_ext/296478968/brushed_motor.o
 .debug_str       0x000191         0x31 build/default/production/_ext/296478968/pidFilter.o
 .debug_str       0x0001c2         0x2d build/default/production/_ext/296478968/buttonsModel.o
 .debug_str       0x0001ef         0x84 build/default/production/_ext/2107534167/adc.o
 .debug_str       0x000273         0x4c build/default/production/_ext/2107534167/spi.o
 .debug_str       0x0002bf         0x51 build/default/production/_ext/2107534167/i2ccom.o
 .debug_str       0x000310         0x4c build/default/production/_ext/1693421727/main.o
 .debug_str       0x00035c         0x5e build/default/production/_ext/1693421727/DisplayController.o
 .debug_str       0x0003ba          0x9 build/default/production/_ext/570691859/resourceMan.o
 .debug_str       0x0003c3         0x4a build/default/production/_ext/570691859/ActivityMan.o
 .debug_str       0x00040d         0x78 build/default/production/_ext/699447939/tasker.o
 .debug_str       0x000485         0x65 build/default/production/_ext/581574207/port.o
 .debug_str       0x0004ea          0xb build/default/production/_ext/844173455/time.o
 .debug_str       0x0004f5          0xd build/default/production/_ext/844173455/utils.o
 .debug_str       0x000502         0xc1 build/default/production/_ext/844173455/d_alloc.o
 .debug_str       0x0005c3         0x18 build/default/production/_ext/229065323/fan.o
 .debug_str       0x0005db         0xbf build/default/production/_ext/1440923950/SerialFlash.o
 .debug_str       0x00069a         0x24 build/default/production/_ext/1440923950/eeprom_i2c.o
 .debug_str       0x0006be          0x5 build/default/production/_ext/1055087429/port.o
 .debug_str       0x0006c3         0x3c build/default/production/_ext/1670384666/UartCommand.o
 .debug_str       0x0006ff         0x30 build/default/production/_ext/1670384666/port.o

.debug_loc
 *(.debug_loc)

.debug_macinfo
 *(.debug_macinfo)

.debug_pubnames
                  0x000000       0x1921
 *(.debug_pubnames)
 .debug_pubnames
                  0x000000        0x1fc build/default/production/_ext/316523387/ActivityMain.o
 .debug_pubnames
                  0x0001fc         0x4a build/default/production/_ext/296478968/step_motor.o
 .debug_pubnames
                  0x000246        0x196 build/default/production/_ext/296478968/brushed_motor.o
 .debug_pubnames
                  0x0003dc         0xca build/default/production/_ext/296478968/pidFilter.o
 .debug_pubnames
                  0x0004a6         0x91 build/default/production/_ext/296478968/buttonsModel.o
 .debug_pubnames
                  0x000537         0xa9 build/default/production/_ext/2107534167/adc.o
 .debug_pubnames
                  0x0005e0         0x8a build/default/production/_ext/2107534167/spi.o
 .debug_pubnames
                  0x00066a         0xc1 build/default/production/_ext/2107534167/i2ccom.o
 .debug_pubnames
                  0x00072b         0x7c build/default/production/_ext/1693421727/main.o
 .debug_pubnames
                  0x0007a7        0x156 build/default/production/_ext/1693421727/DisplayController.o
 .debug_pubnames
                  0x0008fd         0x80 build/default/production/_ext/570691859/resourceMan.o
 .debug_pubnames
                  0x00097d        0x1e5 build/default/production/_ext/570691859/ActivityMan.o
 .debug_pubnames
                  0x000b62        0x38d build/default/production/_ext/699447939/tasker.o
 .debug_pubnames
                  0x000eef        0x152 build/default/production/_ext/581574207/port.o
 .debug_pubnames
                  0x001041         0x82 build/default/production/_ext/844173455/time.o
 .debug_pubnames
                  0x0010c3         0xa2 build/default/production/_ext/844173455/utils.o
 .debug_pubnames
                  0x001165        0x167 build/default/production/_ext/844173455/d_alloc.o
 .debug_pubnames
                  0x0012cc         0x28 build/default/production/_ext/844173455/version.o
 .debug_pubnames
                  0x0012f4         0x58 build/default/production/_ext/229065323/fan.o
 .debug_pubnames
                  0x00134c        0x1f3 build/default/production/_ext/1440923950/SerialFlash.o
 .debug_pubnames
                  0x00153f         0x9d build/default/production/_ext/1440923950/eeprom_i2c.o
 .debug_pubnames
                  0x0015dc        0x105 build/default/production/_ext/1055087429/port.o
 .debug_pubnames
                  0x0016e1        0x11e build/default/production/_ext/1670384666/UartCommand.o
 .debug_pubnames
                  0x0017ff         0x5c build/default/production/_ext/1670384666/port.o
 .debug_pubnames
                  0x00185b         0x55 build/default/production/_ext/1977464509/Buzzer.o
 .debug_pubnames
                  0x0018b0         0x3b build/default/production/_ext/654086336/crc16.o
 .debug_pubnames
                  0x0018eb         0x36 build/default/production/_ext/654086336/base64.o

.debug_ranges
 *(.debug_ranges)

.debug_aranges    0x000000        0x288
 *(.debug_aranges)
 .debug_aranges
                  0x000000         0x18 build/default/production/_ext/316523387/ActivityMain.o
 .debug_aranges
                  0x000018         0x18 build/default/production/_ext/296478968/step_motor.o
 .debug_aranges
                  0x000030         0x18 build/default/production/_ext/296478968/brushed_motor.o
 .debug_aranges
                  0x000048         0x18 build/default/production/_ext/296478968/pidFilter.o
 .debug_aranges
                  0x000060         0x18 build/default/production/_ext/296478968/buttonsModel.o
 .debug_aranges
                  0x000078         0x18 build/default/production/_ext/2107534167/adc.o
 .debug_aranges
                  0x000090         0x18 build/default/production/_ext/2107534167/spi.o
 .debug_aranges
                  0x0000a8         0x18 build/default/production/_ext/2107534167/i2ccom.o
 .debug_aranges
                  0x0000c0         0x18 build/default/production/_ext/1693421727/main.o
 .debug_aranges
                  0x0000d8         0x18 build/default/production/_ext/1693421727/DisplayController.o
 .debug_aranges
                  0x0000f0         0x18 build/default/production/_ext/570691859/resourceMan.o
 .debug_aranges
                  0x000108         0x18 build/default/production/_ext/570691859/ActivityMan.o
 .debug_aranges
                  0x000120         0x18 build/default/production/_ext/699447939/tasker.o
 .debug_aranges
                  0x000138         0x18 build/default/production/_ext/581574207/port.o
 .debug_aranges
                  0x000150         0x18 build/default/production/_ext/844173455/time.o
 .debug_aranges
                  0x000168         0x18 build/default/production/_ext/844173455/utils.o
 .debug_aranges
                  0x000180         0x18 build/default/production/_ext/844173455/d_alloc.o
 .debug_aranges
                  0x000198         0x18 build/default/production/_ext/844173455/version.o
 .debug_aranges
                  0x0001b0         0x18 build/default/production/_ext/229065323/fan.o
 .debug_aranges
                  0x0001c8         0x18 build/default/production/_ext/1440923950/SerialFlash.o
 .debug_aranges
                  0x0001e0         0x18 build/default/production/_ext/1440923950/eeprom_i2c.o
 .debug_aranges
                  0x0001f8         0x18 build/default/production/_ext/1055087429/port.o
 .debug_aranges
                  0x000210         0x18 build/default/production/_ext/1670384666/UartCommand.o
 .debug_aranges
                  0x000228         0x18 build/default/production/_ext/1670384666/port.o
 .debug_aranges
                  0x000240         0x18 build/default/production/_ext/1977464509/Buzzer.o
 .debug_aranges
                  0x000258         0x18 build/default/production/_ext/654086336/crc16.o
 .debug_aranges
                  0x000270         0x18 build/default/production/_ext/654086336/base64.o
                    0x0000                  WREG0 = 0x0
                    0x0000                  _WREG0 = 0x0
                    0x0002                  WREG1 = 0x2
                    0x0002                  _WREG1 = 0x2
                    0x0004                  WREG2 = 0x4
                    0x0004                  _WREG2 = 0x4
                    0x0006                  WREG3 = 0x6
                    0x0006                  _WREG3 = 0x6
                    0x0008                  WREG4 = 0x8
                    0x0008                  _WREG4 = 0x8
                    0x000a                  WREG5 = 0xa
                    0x000a                  _WREG5 = 0xa
                    0x000c                  WREG6 = 0xc
                    0x000c                  _WREG6 = 0xc
                    0x000e                  WREG7 = 0xe
                    0x000e                  _WREG7 = 0xe
                    0x0010                  WREG8 = 0x10
                    0x0010                  _WREG8 = 0x10
                    0x0012                  WREG9 = 0x12
                    0x0012                  _WREG9 = 0x12
                    0x0014                  WREG10 = 0x14
                    0x0014                  _WREG10 = 0x14
                    0x0016                  WREG11 = 0x16
                    0x0016                  _WREG11 = 0x16
                    0x0018                  WREG12 = 0x18
                    0x0018                  _WREG12 = 0x18
                    0x001a                  WREG13 = 0x1a
                    0x001a                  _WREG13 = 0x1a
                    0x001c                  WREG14 = 0x1c
                    0x001c                  _WREG14 = 0x1c
                    0x001e                  WREG15 = 0x1e
                    0x001e                  _WREG15 = 0x1e
                    0x0020                  SPLIM = 0x20
                    0x0020                  _SPLIM = 0x20
                    0x0022                  ACCAL = 0x22
                    0x0022                  _ACCAL = 0x22
                    0x0024                  ACCAH = 0x24
                    0x0024                  _ACCAH = 0x24
                    0x0026                  ACCAU = 0x26
                    0x0026                  _ACCAU = 0x26
                    0x0028                  ACCBL = 0x28
                    0x0028                  _ACCBL = 0x28
                    0x002a                  ACCBH = 0x2a
                    0x002a                  _ACCBH = 0x2a
                    0x002c                  ACCBU = 0x2c
                    0x002c                  _ACCBU = 0x2c
                    0x002e                  PCL = 0x2e
                    0x002e                  _PCL = 0x2e
                    0x0030                  PCH = 0x30
                    0x0030                  _PCH = 0x30
                    0x0032                  DSRPAG = 0x32
                    0x0032                  _DSRPAG = 0x32
                    0x0032                  _DSRPAGbits = 0x32
                    0x0034                  DSWPAG = 0x34
                    0x0034                  _DSWPAG = 0x34
                    0x0034                  _DSWPAGbits = 0x34
                    0x0036                  RCOUNT = 0x36
                    0x0036                  _RCOUNT = 0x36
                    0x0038                  DCOUNT = 0x38
                    0x0038                  _DCOUNT = 0x38
                    0x003a                  DOSTARTL = 0x3a
                    0x003a                  _DOSTARTL = 0x3a
                    0x003c                  DOSTARTH = 0x3c
                    0x003c                  _DOSTARTH = 0x3c
                    0x003e                  DOENDL = 0x3e
                    0x003e                  _DOENDL = 0x3e
                    0x0040                  DOENDH = 0x40
                    0x0040                  _DOENDH = 0x40
                    0x0042                  SR = 0x42
                    0x0042                  _SR = 0x42
                    0x0042                  _SRbits = 0x42
                    0x0044                  CORCON = 0x44
                    0x0044                  _CORCON = 0x44
                    0x0044                  _CORCONbits = 0x44
                    0x0046                  MODCON = 0x46
                    0x0046                  _MODCON = 0x46
                    0x0046                  _MODCONbits = 0x46
                    0x0048                  XMODSRT = 0x48
                    0x0048                  _XMODSRT = 0x48
                    0x004a                  XMODEND = 0x4a
                    0x004a                  _XMODEND = 0x4a
                    0x004c                  YMODSRT = 0x4c
                    0x004c                  _YMODSRT = 0x4c
                    0x004e                  YMODEND = 0x4e
                    0x004e                  _YMODEND = 0x4e
                    0x0050                  XBREV = 0x50
                    0x0050                  _XBREV = 0x50
                    0x0050                  _XBREVbits = 0x50
                    0x0052                  DISICNT = 0x52
                    0x0052                  _DISICNT = 0x52
                    0x0054                  TBLPAG = 0x54
                    0x0054                  _TBLPAG = 0x54
                    0x0054                  _TBLPAGbits = 0x54
                    0x0058                  MSTRPR = 0x58
                    0x0058                  _MSTRPR = 0x58
                    0x0100                  TMR1 = 0x100
                    0x0100                  _TMR1 = 0x100
                    0x0102                  PR1 = 0x102
                    0x0102                  _PR1 = 0x102
                    0x0104                  T1CON = 0x104
                    0x0104                  _T1CON = 0x104
                    0x0104                  _T1CONbits = 0x104
                    0x0106                  TMR2 = 0x106
                    0x0106                  _TMR2 = 0x106
                    0x0108                  TMR3HLD = 0x108
                    0x0108                  _TMR3HLD = 0x108
                    0x010a                  TMR3 = 0x10a
                    0x010a                  _TMR3 = 0x10a
                    0x010c                  PR2 = 0x10c
                    0x010c                  _PR2 = 0x10c
                    0x010e                  PR3 = 0x10e
                    0x010e                  _PR3 = 0x10e
                    0x0110                  T2CON = 0x110
                    0x0110                  _T2CON = 0x110
                    0x0110                  _T2CONbits = 0x110
                    0x0112                  T3CON = 0x112
                    0x0112                  _T3CON = 0x112
                    0x0112                  _T3CONbits = 0x112
                    0x0114                  TMR4 = 0x114
                    0x0114                  _TMR4 = 0x114
                    0x0116                  TMR5HLD = 0x116
                    0x0116                  _TMR5HLD = 0x116
                    0x0118                  TMR5 = 0x118
                    0x0118                  _TMR5 = 0x118
                    0x011a                  PR4 = 0x11a
                    0x011a                  _PR4 = 0x11a
                    0x011c                  PR5 = 0x11c
                    0x011c                  _PR5 = 0x11c
                    0x011e                  T4CON = 0x11e
                    0x011e                  _T4CON = 0x11e
                    0x011e                  _T4CONbits = 0x11e
                    0x0120                  T5CON = 0x120
                    0x0120                  _T5CON = 0x120
                    0x0120                  _T5CONbits = 0x120
                    0x0140                  IC1CON1 = 0x140
                    0x0140                  _IC1CON1 = 0x140
                    0x0140                  _IC1CON1bits = 0x140
                    0x0142                  IC1CON2 = 0x142
                    0x0142                  _IC1CON2 = 0x142
                    0x0142                  _IC1CON2bits = 0x142
                    0x0144                  IC1BUF = 0x144
                    0x0144                  _IC1BUF = 0x144
                    0x0146                  IC1TMR = 0x146
                    0x0146                  _IC1TMR = 0x146
                    0x0148                  IC2CON1 = 0x148
                    0x0148                  _IC2CON1 = 0x148
                    0x0148                  _IC2CON1bits = 0x148
                    0x014a                  IC2CON2 = 0x14a
                    0x014a                  _IC2CON2 = 0x14a
                    0x014a                  _IC2CON2bits = 0x14a
                    0x014c                  IC2BUF = 0x14c
                    0x014c                  _IC2BUF = 0x14c
                    0x014e                  IC2TMR = 0x14e
                    0x014e                  _IC2TMR = 0x14e
                    0x0150                  IC3CON1 = 0x150
                    0x0150                  _IC3CON1 = 0x150
                    0x0150                  _IC3CON1bits = 0x150
                    0x0152                  IC3CON2 = 0x152
                    0x0152                  _IC3CON2 = 0x152
                    0x0152                  _IC3CON2bits = 0x152
                    0x0154                  IC3BUF = 0x154
                    0x0154                  _IC3BUF = 0x154
                    0x0156                  IC3TMR = 0x156
                    0x0156                  _IC3TMR = 0x156
                    0x0158                  IC4CON1 = 0x158
                    0x0158                  _IC4CON1 = 0x158
                    0x0158                  _IC4CON1bits = 0x158
                    0x015a                  IC4CON2 = 0x15a
                    0x015a                  _IC4CON2 = 0x15a
                    0x015a                  _IC4CON2bits = 0x15a
                    0x015c                  IC4BUF = 0x15c
                    0x015c                  _IC4BUF = 0x15c
                    0x015e                  IC4TMR = 0x15e
                    0x015e                  _IC4TMR = 0x15e
                    0x01c0                  QEI1CON = 0x1c0
                    0x01c0                  _QEI1CON = 0x1c0
                    0x01c0                  _QEI1CONbits = 0x1c0
                    0x01c2                  QEI1IOC = 0x1c2
                    0x01c2                  _QEI1IOC = 0x1c2
                    0x01c2                  _QEI1IOCbits = 0x1c2
                    0x01c4                  QEI1STAT = 0x1c4
                    0x01c4                  _QEI1STAT = 0x1c4
                    0x01c4                  _QEI1STATbits = 0x1c4
                    0x01c6                  POS1CNTL = 0x1c6
                    0x01c6                  _POS1CNTL = 0x1c6
                    0x01c8                  POS1CNTH = 0x1c8
                    0x01c8                  _POS1CNTH = 0x1c8
                    0x01ca                  POS1HLD = 0x1ca
                    0x01ca                  _POS1HLD = 0x1ca
                    0x01cc                  VEL1CNT = 0x1cc
                    0x01cc                  _VEL1CNT = 0x1cc
                    0x01ce                  INT1TMRL = 0x1ce
                    0x01ce                  _INT1TMRL = 0x1ce
                    0x01d0                  INT1TMRH = 0x1d0
                    0x01d0                  _INT1TMRH = 0x1d0
                    0x01d2                  INT1HLDL = 0x1d2
                    0x01d2                  _INT1HLDL = 0x1d2
                    0x01d4                  INT1HLDH = 0x1d4
                    0x01d4                  _INT1HLDH = 0x1d4
                    0x01d6                  INDX1CNTL = 0x1d6
                    0x01d6                  _INDX1CNTL = 0x1d6
                    0x01d8                  INDX1CNTH = 0x1d8
                    0x01d8                  _INDX1CNTH = 0x1d8
                    0x01da                  INDX1HLD = 0x1da
                    0x01da                  _INDX1HLD = 0x1da
                    0x01dc                  QEI1GECL = 0x1dc
                    0x01dc                  _QEI1GECL = 0x1dc
                    0x01dc                  QEI1ICL = 0x1dc
                    0x01dc                  _QEI1ICL = 0x1dc
                    0x01de                  QEI1GECH = 0x1de
                    0x01de                  _QEI1GECH = 0x1de
                    0x01de                  QEI1ICH = 0x1de
                    0x01de                  _QEI1ICH = 0x1de
                    0x01e0                  QEI1LECL = 0x1e0
                    0x01e0                  _QEI1LECL = 0x1e0
                    0x01e2                  QEI1LECH = 0x1e2
                    0x01e2                  _QEI1LECH = 0x1e2
                    0x0200                  I2C1RCV = 0x200
                    0x0200                  _I2C1RCV = 0x200
                    0x0202                  I2C1TRN = 0x202
                    0x0202                  _I2C1TRN = 0x202
                    0x0204                  I2C1BRG = 0x204
                    0x0204                  _I2C1BRG = 0x204
                    0x0206                  I2C1CON = 0x206
                    0x0206                  _I2C1CON = 0x206
                    0x0206                  _I2C1CONbits = 0x206
                    0x0208                  I2C1STAT = 0x208
                    0x0208                  _I2C1STAT = 0x208
                    0x0208                  _I2C1STATbits = 0x208
                    0x020a                  I2C1ADD = 0x20a
                    0x020a                  _I2C1ADD = 0x20a
                    0x020c                  I2C1MSK = 0x20c
                    0x020c                  _I2C1MSK = 0x20c
                    0x0210                  I2C2RCV = 0x210
                    0x0210                  _I2C2RCV = 0x210
                    0x0212                  I2C2TRN = 0x212
                    0x0212                  _I2C2TRN = 0x212
                    0x0214                  I2C2BRG = 0x214
                    0x0214                  _I2C2BRG = 0x214
                    0x0216                  I2C2CON = 0x216
                    0x0216                  _I2C2CON = 0x216
                    0x0216                  _I2C2CONbits = 0x216
                    0x0218                  I2C2STAT = 0x218
                    0x0218                  _I2C2STAT = 0x218
                    0x0218                  _I2C2STATbits = 0x218
                    0x021a                  I2C2ADD = 0x21a
                    0x021a                  _I2C2ADD = 0x21a
                    0x021c                  I2C2MSK = 0x21c
                    0x021c                  _I2C2MSK = 0x21c
                    0x0220                  U1MODE = 0x220
                    0x0220                  _U1MODE = 0x220
                    0x0220                  _U1MODEbits = 0x220
                    0x0222                  U1STA = 0x222
                    0x0222                  _U1STA = 0x222
                    0x0222                  _U1STAbits = 0x222
                    0x0224                  U1TXREG = 0x224
                    0x0224                  _U1TXREG = 0x224
                    0x0226                  U1RXREG = 0x226
                    0x0226                  _U1RXREG = 0x226
                    0x0228                  U1BRG = 0x228
                    0x0228                  _U1BRG = 0x228
                    0x0230                  U2MODE = 0x230
                    0x0230                  _U2MODE = 0x230
                    0x0230                  _U2MODEbits = 0x230
                    0x0232                  U2STA = 0x232
                    0x0232                  _U2STA = 0x232
                    0x0232                  _U2STAbits = 0x232
                    0x0234                  U2TXREG = 0x234
                    0x0234                  _U2TXREG = 0x234
                    0x0236                  U2RXREG = 0x236
                    0x0236                  _U2RXREG = 0x236
                    0x0238                  U2BRG = 0x238
                    0x0238                  _U2BRG = 0x238
                    0x0240                  SPI1STAT = 0x240
                    0x0240                  _SPI1STAT = 0x240
                    0x0240                  _SPI1STATbits = 0x240
                    0x0242                  SPI1CON1 = 0x242
                    0x0242                  _SPI1CON1 = 0x242
                    0x0242                  _SPI1CON1bits = 0x242
                    0x0244                  SPI1CON2 = 0x244
                    0x0244                  _SPI1CON2 = 0x244
                    0x0244                  _SPI1CON2bits = 0x244
                    0x0248                  SPI1BUF = 0x248
                    0x0248                  _SPI1BUF = 0x248
                    0x0260                  SPI2STAT = 0x260
                    0x0260                  _SPI2STAT = 0x260
                    0x0260                  _SPI2STATbits = 0x260
                    0x0262                  SPI2CON1 = 0x262
                    0x0262                  _SPI2CON1 = 0x262
                    0x0262                  _SPI2CON1bits = 0x262
                    0x0264                  SPI2CON2 = 0x264
                    0x0264                  _SPI2CON2 = 0x264
                    0x0264                  _SPI2CON2bits = 0x264
                    0x0268                  SPI2BUF = 0x268
                    0x0268                  _SPI2BUF = 0x268
                    0x0300                  ADC1BUF0 = 0x300
                    0x0300                  _ADC1BUF0 = 0x300
                    0x0302                  ADC1BUF1 = 0x302
                    0x0302                  _ADC1BUF1 = 0x302
                    0x0304                  ADC1BUF2 = 0x304
                    0x0304                  _ADC1BUF2 = 0x304
                    0x0306                  ADC1BUF3 = 0x306
                    0x0306                  _ADC1BUF3 = 0x306
                    0x0308                  ADC1BUF4 = 0x308
                    0x0308                  _ADC1BUF4 = 0x308
                    0x030a                  ADC1BUF5 = 0x30a
                    0x030a                  _ADC1BUF5 = 0x30a
                    0x030c                  ADC1BUF6 = 0x30c
                    0x030c                  _ADC1BUF6 = 0x30c
                    0x030e                  ADC1BUF7 = 0x30e
                    0x030e                  _ADC1BUF7 = 0x30e
                    0x0310                  ADC1BUF8 = 0x310
                    0x0310                  _ADC1BUF8 = 0x310
                    0x0312                  ADC1BUF9 = 0x312
                    0x0312                  _ADC1BUF9 = 0x312
                    0x0314                  ADC1BUFA = 0x314
                    0x0314                  _ADC1BUFA = 0x314
                    0x0316                  ADC1BUFB = 0x316
                    0x0316                  _ADC1BUFB = 0x316
                    0x0318                  ADC1BUFC = 0x318
                    0x0318                  _ADC1BUFC = 0x318
                    0x031a                  ADC1BUFD = 0x31a
                    0x031a                  _ADC1BUFD = 0x31a
                    0x031c                  ADC1BUFE = 0x31c
                    0x031c                  _ADC1BUFE = 0x31c
                    0x031e                  ADC1BUFF = 0x31e
                    0x031e                  _ADC1BUFF = 0x31e
                    0x0320                  AD1CON1 = 0x320
                    0x0320                  _AD1CON1 = 0x320
                    0x0320                  _AD1CON1bits = 0x320
                    0x0322                  AD1CON2 = 0x322
                    0x0322                  _AD1CON2 = 0x322
                    0x0322                  _AD1CON2bits = 0x322
                    0x0324                  AD1CON3 = 0x324
                    0x0324                  _AD1CON3 = 0x324
                    0x0324                  _AD1CON3bits = 0x324
                    0x0326                  AD1CHS123 = 0x326
                    0x0326                  _AD1CHS123 = 0x326
                    0x0326                  _AD1CHS123bits = 0x326
                    0x0328                  AD1CHS0 = 0x328
                    0x0328                  _AD1CHS0 = 0x328
                    0x0328                  _AD1CHS0bits = 0x328
                    0x032e                  AD1CSSH = 0x32e
                    0x032e                  _AD1CSSH = 0x32e
                    0x032e                  _AD1CSSHbits = 0x32e
                    0x0330                  AD1CSSL = 0x330
                    0x0330                  _AD1CSSL = 0x330
                    0x0330                  _AD1CSSLbits = 0x330
                    0x0332                  AD1CON4 = 0x332
                    0x0332                  _AD1CON4 = 0x332
                    0x0332                  _AD1CON4bits = 0x332
                    0x033a                  CTMUCON1 = 0x33a
                    0x033a                  _CTMUCON1 = 0x33a
                    0x033a                  _CTMUCON1bits = 0x33a
                    0x033c                  CTMUCON2 = 0x33c
                    0x033c                  _CTMUCON2 = 0x33c
                    0x033c                  _CTMUCON2bits = 0x33c
                    0x033e                  CTMUICON = 0x33e
                    0x033e                  _CTMUICON = 0x33e
                    0x033e                  _CTMUICONbits = 0x33e
                    0x0640                  CRCCON1 = 0x640
                    0x0640                  _CRCCON1 = 0x640
                    0x0640                  _CRCCON1bits = 0x640
                    0x0642                  CRCCON2 = 0x642
                    0x0642                  _CRCCON2 = 0x642
                    0x0642                  _CRCCON2bits = 0x642
                    0x0644                  CRCXORL = 0x644
                    0x0644                  _CRCXORL = 0x644
                    0x0644                  _CRCXORLbits = 0x644
                    0x0646                  CRCXORH = 0x646
                    0x0646                  _CRCXORH = 0x646
                    0x0646                  _CRCXORHbits = 0x646
                    0x0648                  CRCDAT = 0x648
                    0x0648                  _CRCDAT = 0x648
                    0x0648                  CRCDATL = 0x648
                    0x0648                  _CRCDATL = 0x648
                    0x064a                  CRCDATH = 0x64a
                    0x064a                  _CRCDATH = 0x64a
                    0x064c                  CRCWDAT = 0x64c
                    0x064c                  _CRCWDAT = 0x64c
                    0x064c                  CRCWDATL = 0x64c
                    0x064c                  _CRCWDATL = 0x64c
                    0x064e                  CRCWDATH = 0x64e
                    0x064e                  _CRCWDATH = 0x64e
                    0x0680                  RPOR0 = 0x680
                    0x0680                  _RPOR0 = 0x680
                    0x0680                  _RPOR0bits = 0x680
                    0x0682                  RPOR1 = 0x682
                    0x0682                  _RPOR1 = 0x682
                    0x0682                  _RPOR1bits = 0x682
                    0x0684                  RPOR2 = 0x684
                    0x0684                  _RPOR2 = 0x684
                    0x0684                  _RPOR2bits = 0x684
                    0x0686                  RPOR3 = 0x686
                    0x0686                  _RPOR3 = 0x686
                    0x0686                  _RPOR3bits = 0x686
                    0x0688                  RPOR4 = 0x688
                    0x0688                  _RPOR4 = 0x688
                    0x0688                  _RPOR4bits = 0x688
                    0x068a                  RPOR5 = 0x68a
                    0x068a                  _RPOR5 = 0x68a
                    0x068a                  _RPOR5bits = 0x68a
                    0x068c                  RPOR6 = 0x68c
                    0x068c                  _RPOR6 = 0x68c
                    0x068c                  _RPOR6bits = 0x68c
                    0x068e                  RPOR7 = 0x68e
                    0x068e                  _RPOR7 = 0x68e
                    0x068e                  _RPOR7bits = 0x68e
                    0x0690                  RPOR8 = 0x690
                    0x0690                  _RPOR8 = 0x690
                    0x0690                  _RPOR8bits = 0x690
                    0x0692                  RPOR9 = 0x692
                    0x0692                  _RPOR9 = 0x692
                    0x0692                  _RPOR9bits = 0x692
                    0x06a0                  RPINR0 = 0x6a0
                    0x06a0                  _RPINR0 = 0x6a0
                    0x06a0                  _RPINR0bits = 0x6a0
                    0x06a2                  RPINR1 = 0x6a2
                    0x06a2                  _RPINR1 = 0x6a2
                    0x06a2                  _RPINR1bits = 0x6a2
                    0x06a6                  RPINR3 = 0x6a6
                    0x06a6                  _RPINR3 = 0x6a6
                    0x06a6                  _RPINR3bits = 0x6a6
                    0x06ae                  RPINR7 = 0x6ae
                    0x06ae                  _RPINR7 = 0x6ae
                    0x06ae                  _RPINR7bits = 0x6ae
                    0x06b0                  RPINR8 = 0x6b0
                    0x06b0                  _RPINR8 = 0x6b0
                    0x06b0                  _RPINR8bits = 0x6b0
                    0x06b6                  RPINR11 = 0x6b6
                    0x06b6                  _RPINR11 = 0x6b6
                    0x06b6                  _RPINR11bits = 0x6b6
                    0x06b8                  RPINR12 = 0x6b8
                    0x06b8                  _RPINR12 = 0x6b8
                    0x06b8                  _RPINR12bits = 0x6b8
                    0x06bc                  RPINR14 = 0x6bc
                    0x06bc                  _RPINR14 = 0x6bc
                    0x06bc                  _RPINR14bits = 0x6bc
                    0x06be                  RPINR15 = 0x6be
                    0x06be                  _RPINR15 = 0x6be
                    0x06be                  _RPINR15bits = 0x6be
                    0x06c4                  RPINR18 = 0x6c4
                    0x06c4                  _RPINR18 = 0x6c4
                    0x06c4                  _RPINR18bits = 0x6c4
                    0x06c6                  RPINR19 = 0x6c6
                    0x06c6                  _RPINR19 = 0x6c6
                    0x06c6                  _RPINR19bits = 0x6c6
                    0x06cc                  RPINR22 = 0x6cc
                    0x06cc                  _RPINR22 = 0x6cc
                    0x06cc                  _RPINR22bits = 0x6cc
                    0x06ce                  RPINR23 = 0x6ce
                    0x06ce                  _RPINR23 = 0x6ce
                    0x06ce                  _RPINR23bits = 0x6ce
                    0x06d4                  RPINR26 = 0x6d4
                    0x06d4                  _RPINR26 = 0x6d4
                    0x06d4                  _RPINR26bits = 0x6d4
                    0x06ea                  RPINR37 = 0x6ea
                    0x06ea                  _RPINR37 = 0x6ea
                    0x06ea                  _RPINR37bits = 0x6ea
                    0x06ec                  RPINR38 = 0x6ec
                    0x06ec                  _RPINR38 = 0x6ec
                    0x06ec                  _RPINR38bits = 0x6ec
                    0x06ee                  RPINR39 = 0x6ee
                    0x06ee                  _RPINR39 = 0x6ee
                    0x06ee                  _RPINR39bits = 0x6ee
                    0x0728                  NVMCON = 0x728
                    0x0728                  _NVMCON = 0x728
                    0x0728                  _NVMCONbits = 0x728
                    0x072a                  NVMADR = 0x72a
                    0x072a                  _NVMADR = 0x72a
                    0x072c                  NVMADRU = 0x72c
                    0x072c                  _NVMADRU = 0x72c
                    0x072c                  _NVMADRUbits = 0x72c
                    0x072e                  NVMKEY = 0x72e
                    0x072e                  _NVMKEY = 0x72e
                    0x0740                  RCON = 0x740
                    0x0740                  _RCON = 0x740
                    0x0740                  _RCONbits = 0x740
                    0x0742                  OSCCON = 0x742
                    0x0742                  _OSCCON = 0x742
                    0x0742                  _OSCCONbits = 0x742
                    0x0742                  OSCCONL = 0x742
                    0x0742                  _OSCCONL = 0x742
                    0x0743                  OSCCONH = 0x743
                    0x0743                  _OSCCONH = 0x743
                    0x0744                  CLKDIV = 0x744
                    0x0744                  _CLKDIV = 0x744
                    0x0744                  _CLKDIVbits = 0x744
                    0x0746                  PLLFBD = 0x746
                    0x0746                  _PLLFBD = 0x746
                    0x0746                  _PLLFBDbits = 0x746
                    0x0748                  OSCTUN = 0x748
                    0x0748                  _OSCTUN = 0x748
                    0x0748                  _OSCTUNbits = 0x748
                    0x074e                  REFOCON = 0x74e
                    0x074e                  _REFOCON = 0x74e
                    0x074e                  _REFOCONbits = 0x74e
                    0x0760                  PMD1 = 0x760
                    0x0760                  _PMD1 = 0x760
                    0x0760                  _PMD1bits = 0x760
                    0x0762                  PMD2 = 0x762
                    0x0762                  _PMD2 = 0x762
                    0x0762                  _PMD2bits = 0x762
                    0x0764                  PMD3 = 0x764
                    0x0764                  _PMD3 = 0x764
                    0x0764                  _PMD3bits = 0x764
                    0x0766                  PMD4 = 0x766
                    0x0766                  _PMD4 = 0x766
                    0x0766                  _PMD4bits = 0x766
                    0x076a                  PMD6 = 0x76a
                    0x076a                  _PMD6 = 0x76a
                    0x076a                  _PMD6bits = 0x76a
                    0x076c                  PMD7 = 0x76c
                    0x076c                  _PMD7 = 0x76c
                    0x076c                  _PMD7bits = 0x76c
                    0x0800                  IFS0 = 0x800
                    0x0800                  _IFS0 = 0x800
                    0x0800                  _IFS0bits = 0x800
                    0x0802                  IFS1 = 0x802
                    0x0802                  _IFS1 = 0x802
                    0x0802                  _IFS1bits = 0x802
                    0x0804                  IFS2 = 0x804
                    0x0804                  _IFS2 = 0x804
                    0x0804                  _IFS2bits = 0x804
                    0x0806                  IFS3 = 0x806
                    0x0806                  _IFS3 = 0x806
                    0x0806                  _IFS3bits = 0x806
                    0x0808                  IFS4 = 0x808
                    0x0808                  _IFS4 = 0x808
                    0x0808                  _IFS4bits = 0x808
                    0x080a                  IFS5 = 0x80a
                    0x080a                  _IFS5 = 0x80a
                    0x080a                  _IFS5bits = 0x80a
                    0x080c                  IFS6 = 0x80c
                    0x080c                  _IFS6 = 0x80c
                    0x080c                  _IFS6bits = 0x80c
                    0x0810                  IFS8 = 0x810
                    0x0810                  _IFS8 = 0x810
                    0x0810                  _IFS8bits = 0x810
                    0x0812                  IFS9 = 0x812
                    0x0812                  _IFS9 = 0x812
                    0x0812                  _IFS9bits = 0x812
                    0x0820                  IEC0 = 0x820
                    0x0820                  _IEC0 = 0x820
                    0x0820                  _IEC0bits = 0x820
                    0x0822                  IEC1 = 0x822
                    0x0822                  _IEC1 = 0x822
                    0x0822                  _IEC1bits = 0x822
                    0x0824                  IEC2 = 0x824
                    0x0824                  _IEC2 = 0x824
                    0x0824                  _IEC2bits = 0x824
                    0x0826                  IEC3 = 0x826
                    0x0826                  _IEC3 = 0x826
                    0x0826                  _IEC3bits = 0x826
                    0x0828                  IEC4 = 0x828
                    0x0828                  _IEC4 = 0x828
                    0x0828                  _IEC4bits = 0x828
                    0x082a                  IEC5 = 0x82a
                    0x082a                  _IEC5 = 0x82a
                    0x082a                  _IEC5bits = 0x82a
                    0x082c                  IEC6 = 0x82c
                    0x082c                  _IEC6 = 0x82c
                    0x082c                  _IEC6bits = 0x82c
                    0x0830                  IEC8 = 0x830
                    0x0830                  _IEC8 = 0x830
                    0x0830                  _IEC8bits = 0x830
                    0x0832                  IEC9 = 0x832
                    0x0832                  _IEC9 = 0x832
                    0x0832                  _IEC9bits = 0x832
                    0x0840                  IPC0 = 0x840
                    0x0840                  _IPC0 = 0x840
                    0x0840                  _IPC0bits = 0x840
                    0x0842                  IPC1 = 0x842
                    0x0842                  _IPC1 = 0x842
                    0x0842                  _IPC1bits = 0x842
                    0x0844                  IPC2 = 0x844
                    0x0844                  _IPC2 = 0x844
                    0x0844                  _IPC2bits = 0x844
                    0x0846                  IPC3 = 0x846
                    0x0846                  _IPC3 = 0x846
                    0x0846                  _IPC3bits = 0x846
                    0x0848                  IPC4 = 0x848
                    0x0848                  _IPC4 = 0x848
                    0x0848                  _IPC4bits = 0x848
                    0x084a                  IPC5 = 0x84a
                    0x084a                  _IPC5 = 0x84a
                    0x084a                  _IPC5bits = 0x84a
                    0x084c                  IPC6 = 0x84c
                    0x084c                  _IPC6 = 0x84c
                    0x084c                  _IPC6bits = 0x84c
                    0x084e                  IPC7 = 0x84e
                    0x084e                  _IPC7 = 0x84e
                    0x084e                  _IPC7bits = 0x84e
                    0x0850                  IPC8 = 0x850
                    0x0850                  _IPC8 = 0x850
                    0x0850                  _IPC8bits = 0x850
                    0x0852                  IPC9 = 0x852
                    0x0852                  _IPC9 = 0x852
                    0x0852                  _IPC9bits = 0x852
                    0x0858                  IPC12 = 0x858
                    0x0858                  _IPC12 = 0x858
                    0x0858                  _IPC12bits = 0x858
                    0x085c                  IPC14 = 0x85c
                    0x085c                  _IPC14 = 0x85c
                    0x085c                  _IPC14bits = 0x85c
                    0x0860                  IPC16 = 0x860
                    0x0860                  _IPC16 = 0x860
                    0x0860                  _IPC16bits = 0x860
                    0x0866                  IPC19 = 0x866
                    0x0866                  _IPC19 = 0x866
                    0x0866                  _IPC19bits = 0x866
                    0x086e                  IPC23 = 0x86e
                    0x086e                  _IPC23 = 0x86e
                    0x086e                  _IPC23bits = 0x86e
                    0x0870                  IPC24 = 0x870
                    0x0870                  _IPC24 = 0x870
                    0x0870                  _IPC24bits = 0x870
                    0x0886                  IPC35 = 0x886
                    0x0886                  _IPC35 = 0x886
                    0x0886                  _IPC35bits = 0x886
                    0x0888                  IPC36 = 0x888
                    0x0888                  _IPC36 = 0x888
                    0x0888                  _IPC36bits = 0x888
                    0x088a                  IPC37 = 0x88a
                    0x088a                  _IPC37 = 0x88a
                    0x088a                  _IPC37bits = 0x88a
                    0x08c0                  INTCON1 = 0x8c0
                    0x08c0                  _INTCON1 = 0x8c0
                    0x08c0                  _INTCON1bits = 0x8c0
                    0x08c2                  INTCON2 = 0x8c2
                    0x08c2                  _INTCON2 = 0x8c2
                    0x08c2                  _INTCON2bits = 0x8c2
                    0x08c4                  INTCON3 = 0x8c4
                    0x08c4                  _INTCON3 = 0x8c4
                    0x08c4                  _INTCON3bits = 0x8c4
                    0x08c6                  INTCON4 = 0x8c6
                    0x08c6                  _INTCON4 = 0x8c6
                    0x08c6                  _INTCON4bits = 0x8c6
                    0x08c8                  INTTREG = 0x8c8
                    0x08c8                  _INTTREG = 0x8c8
                    0x08c8                  _INTTREGbits = 0x8c8
                    0x0900                  OC1CON1 = 0x900
                    0x0900                  _OC1CON1 = 0x900
                    0x0900                  _OC1CON1bits = 0x900
                    0x0902                  OC1CON2 = 0x902
                    0x0902                  _OC1CON2 = 0x902
                    0x0902                  _OC1CON2bits = 0x902
                    0x0904                  OC1RS = 0x904
                    0x0904                  _OC1RS = 0x904
                    0x0906                  OC1R = 0x906
                    0x0906                  _OC1R = 0x906
                    0x0908                  OC1TMR = 0x908
                    0x0908                  _OC1TMR = 0x908
                    0x090a                  OC2CON1 = 0x90a
                    0x090a                  _OC2CON1 = 0x90a
                    0x090a                  _OC2CON1bits = 0x90a
                    0x090c                  OC2CON2 = 0x90c
                    0x090c                  _OC2CON2 = 0x90c
                    0x090c                  _OC2CON2bits = 0x90c
                    0x090e                  OC2RS = 0x90e
                    0x090e                  _OC2RS = 0x90e
                    0x0910                  OC2R = 0x910
                    0x0910                  _OC2R = 0x910
                    0x0912                  OC2TMR = 0x912
                    0x0912                  _OC2TMR = 0x912
                    0x0914                  OC3CON1 = 0x914
                    0x0914                  _OC3CON1 = 0x914
                    0x0914                  _OC3CON1bits = 0x914
                    0x0916                  OC3CON2 = 0x916
                    0x0916                  _OC3CON2 = 0x916
                    0x0916                  _OC3CON2bits = 0x916
                    0x0918                  OC3RS = 0x918
                    0x0918                  _OC3RS = 0x918
                    0x091a                  OC3R = 0x91a
                    0x091a                  _OC3R = 0x91a
                    0x091c                  OC3TMR = 0x91c
                    0x091c                  _OC3TMR = 0x91c
                    0x091e                  OC4CON1 = 0x91e
                    0x091e                  _OC4CON1 = 0x91e
                    0x091e                  _OC4CON1bits = 0x91e
                    0x0920                  OC4CON2 = 0x920
                    0x0920                  _OC4CON2 = 0x920
                    0x0920                  _OC4CON2bits = 0x920
                    0x0922                  OC4RS = 0x922
                    0x0922                  _OC4RS = 0x922
                    0x0924                  OC4R = 0x924
                    0x0924                  _OC4R = 0x924
                    0x0926                  OC4TMR = 0x926
                    0x0926                  _OC4TMR = 0x926
                    0x0a80                  CMSTAT = 0xa80
                    0x0a80                  _CMSTAT = 0xa80
                    0x0a80                  _CMSTATbits = 0xa80
                    0x0a82                  CVRCON = 0xa82
                    0x0a82                  _CVRCON = 0xa82
                    0x0a82                  _CVRCONbits = 0xa82
                    0x0a84                  CM1CON = 0xa84
                    0x0a84                  _CM1CON = 0xa84
                    0x0a84                  _CM1CONbits = 0xa84
                    0x0a86                  CM1MSKSRC = 0xa86
                    0x0a86                  _CM1MSKSRC = 0xa86
                    0x0a86                  _CM1MSKSRCbits = 0xa86
                    0x0a88                  CM1MSKCON = 0xa88
                    0x0a88                  _CM1MSKCON = 0xa88
                    0x0a88                  _CM1MSKCONbits = 0xa88
                    0x0a8a                  CM1FLTR = 0xa8a
                    0x0a8a                  _CM1FLTR = 0xa8a
                    0x0a8a                  _CM1FLTRbits = 0xa8a
                    0x0a8c                  CM2CON = 0xa8c
                    0x0a8c                  _CM2CON = 0xa8c
                    0x0a8c                  _CM2CONbits = 0xa8c
                    0x0a8e                  CM2MSKSRC = 0xa8e
                    0x0a8e                  _CM2MSKSRC = 0xa8e
                    0x0a8e                  _CM2MSKSRCbits = 0xa8e
                    0x0a90                  CM2MSKCON = 0xa90
                    0x0a90                  _CM2MSKCON = 0xa90
                    0x0a90                  _CM2MSKCONbits = 0xa90
                    0x0a92                  CM2FLTR = 0xa92
                    0x0a92                  _CM2FLTR = 0xa92
                    0x0a92                  _CM2FLTRbits = 0xa92
                    0x0a94                  CM3CON = 0xa94
                    0x0a94                  _CM3CON = 0xa94
                    0x0a94                  _CM3CONbits = 0xa94
                    0x0a96                  CM3MSKSRC = 0xa96
                    0x0a96                  _CM3MSKSRC = 0xa96
                    0x0a96                  _CM3MSKSRCbits = 0xa96
                    0x0a98                  CM3MSKCON = 0xa98
                    0x0a98                  _CM3MSKCON = 0xa98
                    0x0a98                  _CM3MSKCONbits = 0xa98
                    0x0a9a                  CM3FLTR = 0xa9a
                    0x0a9a                  _CM3FLTR = 0xa9a
                    0x0a9a                  _CM3FLTRbits = 0xa9a
                    0x0a9c                  CM4CON = 0xa9c
                    0x0a9c                  _CM4CON = 0xa9c
                    0x0a9c                  _CM4CONbits = 0xa9c
                    0x0a9e                  CM4MSKSRC = 0xa9e
                    0x0a9e                  _CM4MSKSRC = 0xa9e
                    0x0a9e                  _CM4MSKSRCbits = 0xa9e
                    0x0aa0                  CM4MSKCON = 0xaa0
                    0x0aa0                  _CM4MSKCON = 0xaa0
                    0x0aa0                  _CM4MSKCONbits = 0xaa0
                    0x0aa2                  CM4FLTR = 0xaa2
                    0x0aa2                  _CM4FLTR = 0xaa2
                    0x0aa2                  _CM4FLTRbits = 0xaa2
                    0x0ac0                  PTGCST = 0xac0
                    0x0ac0                  _PTGCST = 0xac0
                    0x0ac0                  _PTGCSTbits = 0xac0
                    0x0ac2                  PTGCON = 0xac2
                    0x0ac2                  _PTGCON = 0xac2
                    0x0ac2                  _PTGCONbits = 0xac2
                    0x0ac4                  PTGBTE = 0xac4
                    0x0ac4                  _PTGBTE = 0xac4
                    0x0ac4                  _PTGBTEbits = 0xac4
                    0x0ac6                  PTGHOLD = 0xac6
                    0x0ac6                  _PTGHOLD = 0xac6
                    0x0ac8                  PTGT0LIM = 0xac8
                    0x0ac8                  _PTGT0LIM = 0xac8
                    0x0aca                  PTGT1LIM = 0xaca
                    0x0aca                  _PTGT1LIM = 0xaca
                    0x0acc                  PTGSDLIM = 0xacc
                    0x0acc                  _PTGSDLIM = 0xacc
                    0x0ace                  PTGC0LIM = 0xace
                    0x0ace                  _PTGC0LIM = 0xace
                    0x0ad0                  PTGC1LIM = 0xad0
                    0x0ad0                  _PTGC1LIM = 0xad0
                    0x0ad2                  PTGADJ = 0xad2
                    0x0ad2                  _PTGADJ = 0xad2
                    0x0ad4                  PTGL0 = 0xad4
                    0x0ad4                  _PTGL0 = 0xad4
                    0x0ad6                  PTGQPTR = 0xad6
                    0x0ad6                  _PTGQPTR = 0xad6
                    0x0ad6                  _PTGQPTRbits = 0xad6
                    0x0ad8                  PTGQUE0 = 0xad8
                    0x0ad8                  _PTGQUE0 = 0xad8
                    0x0ad8                  _PTGQUE0bits = 0xad8
                    0x0ada                  PTGQUE1 = 0xada
                    0x0ada                  _PTGQUE1 = 0xada
                    0x0ada                  _PTGQUE1bits = 0xada
                    0x0adc                  PTGQUE2 = 0xadc
                    0x0adc                  _PTGQUE2 = 0xadc
                    0x0adc                  _PTGQUE2bits = 0xadc
                    0x0ade                  PTGQUE3 = 0xade
                    0x0ade                  _PTGQUE3 = 0xade
                    0x0ade                  _PTGQUE3bits = 0xade
                    0x0ae0                  PTGQUE4 = 0xae0
                    0x0ae0                  _PTGQUE4 = 0xae0
                    0x0ae0                  _PTGQUE4bits = 0xae0
                    0x0ae2                  PTGQUE5 = 0xae2
                    0x0ae2                  _PTGQUE5 = 0xae2
                    0x0ae2                  _PTGQUE5bits = 0xae2
                    0x0ae4                  PTGQUE6 = 0xae4
                    0x0ae4                  _PTGQUE6 = 0xae4
                    0x0ae4                  _PTGQUE6bits = 0xae4
                    0x0ae6                  PTGQUE7 = 0xae6
                    0x0ae6                  _PTGQUE7 = 0xae6
                    0x0ae6                  _PTGQUE7bits = 0xae6
                    0x0b00                  DMA0CON = 0xb00
                    0x0b00                  _DMA0CON = 0xb00
                    0x0b00                  _DMA0CONbits = 0xb00
                    0x0b02                  DMA0REQ = 0xb02
                    0x0b02                  _DMA0REQ = 0xb02
                    0x0b02                  _DMA0REQbits = 0xb02
                    0x0b04                  DMA0STAL = 0xb04
                    0x0b04                  _DMA0STAL = 0xb04
                    0x0b06                  DMA0STAH = 0xb06
                    0x0b06                  _DMA0STAH = 0xb06
                    0x0b06                  _DMA0STAHbits = 0xb06
                    0x0b08                  DMA0STBL = 0xb08
                    0x0b08                  _DMA0STBL = 0xb08
                    0x0b0a                  DMA0STBH = 0xb0a
                    0x0b0a                  _DMA0STBH = 0xb0a
                    0x0b0a                  _DMA0STBHbits = 0xb0a
                    0x0b0c                  DMA0PAD = 0xb0c
                    0x0b0c                  _DMA0PAD = 0xb0c
                    0x0b0e                  DMA0CNT = 0xb0e
                    0x0b0e                  _DMA0CNT = 0xb0e
                    0x0b0e                  _DMA0CNTbits = 0xb0e
                    0x0b10                  DMA1CON = 0xb10
                    0x0b10                  _DMA1CON = 0xb10
                    0x0b10                  _DMA1CONbits = 0xb10
                    0x0b12                  DMA1REQ = 0xb12
                    0x0b12                  _DMA1REQ = 0xb12
                    0x0b12                  _DMA1REQbits = 0xb12
                    0x0b14                  DMA1STAL = 0xb14
                    0x0b14                  _DMA1STAL = 0xb14
                    0x0b16                  DMA1STAH = 0xb16
                    0x0b16                  _DMA1STAH = 0xb16
                    0x0b16                  _DMA1STAHbits = 0xb16
                    0x0b18                  DMA1STBL = 0xb18
                    0x0b18                  _DMA1STBL = 0xb18
                    0x0b1a                  DMA1STBH = 0xb1a
                    0x0b1a                  _DMA1STBH = 0xb1a
                    0x0b1a                  _DMA1STBHbits = 0xb1a
                    0x0b1c                  DMA1PAD = 0xb1c